FATAL [1,1]-[1,14]: Unterminated string literal detected
FATAL [2,1]-[2,22]: Unterminated string literal detected
FATAL [3,1]-[3,48]: String literal with bad escape sequence detected
FATAL [4,1]-[4,46]: Unterminated string literal with bad escape sequence detected
